My neighbors are unreasonably loud
